MPLINK 4.49, Linker
Linker Map File - Created Sun Nov 25 00:14:25 2018

                                 Section Info
                  Section       Type    Address   Location Size(Bytes)
                ---------  ---------  ---------  ---------  ---------
                   .org_0       code   0x000000    program   0x000000
                   .org_1       code   0x000000    program   0x00007e
.config_2007_UYGULAMA-53.O       code   0x002007    program   0x000002



                              Program Memory Usage 
                               Start         End      
                           ---------   ---------      
                            0x000000    0x00003e      
                            0x002007    0x002007      
            64 out of 8454 program addresses used, program memory utilization is 0%



                              Symbols - Sorted by Name
                     Name    Address   Location    Storage File                     
                ---------  ---------  ---------  --------- ---------                
                ANA_METOT   0x000001    program     static D:\mikroislemciler\2018GuzDonemi\53.uygulama\uygulama-53.asm
                    ARTIR   0x000026    program     static D:\mikroislemciler\2018GuzDonemi\53.uygulama\uygulama-53.asm
                    AZALT   0x00002e    program     static D:\mikroislemciler\2018GuzDonemi\53.uygulama\uygulama-53.asm
                  GECIKME   0x000036    program     static D:\mikroislemciler\2018GuzDonemi\53.uygulama\uygulama-53.asm
                  KONTROL   0x000021    program     static D:\mikroislemciler\2018GuzDonemi\53.uygulama\uygulama-53.asm
                  TEKRAR1   0x000038    program     static D:\mikroislemciler\2018GuzDonemi\53.uygulama\uygulama-53.asm
                  TEKRAR2   0x00003a    program     static D:\mikroislemciler\2018GuzDonemi\53.uygulama\uygulama-53.asm



                              Symbols - Sorted by Address
                     Name    Address   Location    Storage File                     
                ---------  ---------  ---------  --------- ---------                
                ANA_METOT   0x000001    program     static D:\mikroislemciler\2018GuzDonemi\53.uygulama\uygulama-53.asm
                  KONTROL   0x000021    program     static D:\mikroislemciler\2018GuzDonemi\53.uygulama\uygulama-53.asm
                    ARTIR   0x000026    program     static D:\mikroislemciler\2018GuzDonemi\53.uygulama\uygulama-53.asm
                    AZALT   0x00002e    program     static D:\mikroislemciler\2018GuzDonemi\53.uygulama\uygulama-53.asm
                  GECIKME   0x000036    program     static D:\mikroislemciler\2018GuzDonemi\53.uygulama\uygulama-53.asm
                  TEKRAR1   0x000038    program     static D:\mikroislemciler\2018GuzDonemi\53.uygulama\uygulama-53.asm
                  TEKRAR2   0x00003a    program     static D:\mikroislemciler\2018GuzDonemi\53.uygulama\uygulama-53.asm


